| [policy_component_id] | [policy_number] | [product_component_code] | [product_code] | [product_option_code] | [status] | [status_change_date] | [start_date] | [end_date] | [expected_start_date] | [date_created] | [premium_amount] | [benefit_amount] | [retirement_age] | [quote_id] | [additional_premium_component] | [payment_frequency] | [sum_assured] | [insured_term] | [additional_nominal_charge] | [additional_multiplicative_charge] | [smoker] | [occupation_class] | [requested_start_date] |
| 1                     | 100000001B      | TERM_LIFE_01             | CL01           | NONE                  | PENDING  | 2016-05-05           | 2016-10-31   | NULL       | NULL                  | 2016-05-05     | 100.00           | 0.00             | NULL             | NULL       | 0.00                           | 12                  | 50000.00      | 35.00          | NULL                        | NULL                               | NULL     | NULL               | 2016-10-31             |
| 2                     | 100000002C      | TERM_LIFE_01             | CL01           | NONE                  | PENDING  | 2016-05-05           | 2016-04-09   | NULL       | NULL                  | 2016-05-05     | 200.00           | 0.00             | NULL             | NULL       | 0.00                           | 4                   | 50000.00      | 35.00          | NULL                        | NULL                               | NULL     | NULL               | 2016-04-09             |
| 3                     | 100000003D      | TERM_LIFE_01             | CL01           | NONE                  | PENDING  | 2016-05-05           | 2016-03-28   | NULL       | NULL                  | 2016-05-05     | 300.00           | 0.00             | NULL             | NULL       | 0.00                           | 2                   | 50000.00      | 35.00          | NULL                        | NULL                               | NULL     | NULL               | 2016-03-28             |
| 4                     | 100000004E      | TERM_LIFE_01             | CL01           | NONE                  | PENDING  | 2016-05-05           | 2016-10-07   | NULL       | NULL                  | 2016-05-05     | 400.00           | 0.00             | NULL             | NULL       | 0.00                           | 1                   | 50000.00      | 35.00          | NULL                        | NULL                               | NULL     | NULL               | 2016-10-07             |
| 5                     | 100000005F      | TERM_LIFE_01             | CL01           | NONE                  | PENDING  | 2016-05-05           | 2016-01-31   | NULL       | NULL                  | 2016-05-05     | 500.00           | 0.00             | NULL             | NULL       | 0.00                           | 12                  | 50000.00      | 35.00          | NULL                        | NULL                               | NULL     | NULL               | 2016-01-31             |
