|policy_id|policy_number|product_code|policy_status|expected_start_date|start_date|end_date|count_of_consecutive_rejections|count_of_premiums|comm_party_code|branch_code|title|initials|firstname|surname|id_number|marital_status|postal_line_1|postal_line_2|postal_suburb|postal_city|postal_code|residential_line_1|residential_line_2|residential_suburb|residential_city|residential_code|telephone_home|telephone_work|telephone_cell|telephone_fax|requested_start_date|date_of_birth|employer|total_monthly_income|deduction_day|bank_name|bank_branch_name|bank_branch_code|bank_account_name|bank_account_number|bank_account_type|account_holder_id_number|account_holder_telephone_number|account_holder_address_1|account_holder_address_2|account_holder_address_suburb|account_holder_address_city|account_holder_address_code|persal_initials|persal_surname|persal_number|persal_organisation_code|persal_paypoint_code|count_of_consecutive_unpaids|policy_status_changed_date|upfront_commission|sp_newbustask_id|comm_party_display_name|maiden_name|email|gender|passport_number|debit_order_premium_captured|account_holder_fax_number|date_of_account_holder_signature|date_of_insured_signature_debit_order|date_of_insured_signature_persal|persal_premium_captured|account_holder_passport_number|date_captured|comment|form_application_ref|collection_method_code|collection_method_class_code|taken_over_from|bank_account_bic|bank_account_iban|underwriting_decision_type_id|underwriting_decision_date|underwriting_decision_reason|postpone_to_date|payment_frequency||party_row_id|party_unique_ref|title|initials|firstname|surname|marital_status|gender|maiden_name|id_number|passport_number|postal_line1|postal_line2|postal_suburb|postal_city|postal_code|postal_country|residential_line1|residential_line2|residential_suburb|residential_city|residential_code|residential_country|telephone_home|telephone_work|telephone_cell|telephone_fax|email|skype_account|twitter_account|facebook_account|pinterest_account|date_of_birth|employer|total_monthly_income|bank_name|bank_branch_name|bank_branch_code|bank_account_name|bank_account_number|bank_account_type|bank_account_bic|bank_account_iban|persal_initials|persal_surname|persal_number|persal_organisation_code|persal_paypoint_code|start_date|end_date|nationality_id|country_id|occupation_id|doctor_address_line1|doctor_name|doctor_address_line2|doctor_address_suburb|doctor_address_city|doctor_address_code|occupation_description|citizenship_string_from_magnum|acting_on_own_behalf|place_of_birth|Identified|screeningUniqueId|screeningMatch|screeningLastScreenDate|identifedDate|matchDecision|specialHandling|smoker|occupation_status||2|SYSTEM:CL_ADMINISTRATION|||CL_ADMINISTRATION|SYSTEM|||||||||||||||||||||||||||1970-01-01|||||||||||||||||||||||||||||||||||||||||3|SYSTEM:CL_CUSTOMER|||CL_CUSTOMER|SYSTEM|||||||||||||||||||||||||||1970-01-01|||||||||||||||||||||||||||||||||||||||||1|SYSTEM:WEBUSER|||WEBUSER|SYSTEM|||||||||||||||||||||||||||1970-01-01|||||||||||||||||||||||||||||||||||||||||policy_component_id|product_code|policy_number|policy_component_sequence|product_component_code|risk_type_code|expected_start_date|start_date|end_date|status|status_change_date|count_of_premiums|count_of_arrears|previous_policy_component_id|date_created|effective_date_on_status_change_trigger|beneficiary_type_code|last_usi_id|entry_age||policy_option_id|policy_component_id|policy_number|product_component_code|product_code|product_option_code|status|status_change_date|start_date|end_date|expected_start_date|date_created|premium_amount|benefit_amount|retirement_age|quote_id|additional_premium_component|payment_frequency|sum_assured|insured_term|additional_nominal_charge|additional_multiplicative_charge|smoker|occupation_class|requested_start_date|