|policy_id|policy_number|product_code|policy_status|expected_start_date|start_date|end_date|count_of_consecutive_rejections|count_of_premiums|comm_party_code|branch_code|title|initials|firstname|surname|id_number|marital_status|postal_line_1|postal_line_2|postal_suburb|postal_city|postal_code|residential_line_1|residential_line_2|residential_suburb|residential_city|residential_code|telephone_home|telephone_work|telephone_cell|telephone_fax|requested_start_date|date_of_birth|employer|total_monthly_income|deduction_day|bank_name|bank_branch_name|bank_branch_code|bank_account_name|bank_account_number|bank_account_type|account_holder_id_number|account_holder_telephone_number|account_holder_address_1|account_holder_address_2|account_holder_address_suburb|account_holder_address_city|account_holder_address_code|persal_initials|persal_surname|persal_number|persal_organisation_code|persal_paypoint_code|count_of_consecutive_unpaids|policy_status_changed_date|upfront_commission|sp_newbustask_id|comm_party_display_name|maiden_name|email|gender|passport_number|debit_order_premium_captured|account_holder_fax_number|date_of_account_holder_signature|date_of_insured_signature_debit_order|date_of_insured_signature_persal|persal_premium_captured|account_holder_passport_number|date_captured|comment|form_application_ref|collection_method_code|collection_method_class_code|taken_over_from|bank_account_bic|bank_account_iban|underwriting_decision_type_id|underwriting_decision_date|underwriting_decision_reason|postpone_to_date|payment_frequency||89|100000000A|CL01|INCAPTURE_PENDING_CONSENT_MUW|2015-03-14|2015-03-14||||||||||||||||||||||||||||||14||||||||||||||||||||||||||||||||||||||DIRECT_DEBIT|DEBIT_ORDER||||||||12||90|100000001B|CL01|PENDING_POST_ID_AND_SCREENING|2015-03-31|2015-03-31||||||||||||||||||||||||||||||31||||||||||||||||||||||||||||||||||||||DIRECT_DEBIT|DEBIT_ORDER||||||||12||1090|100000002C|CL01|INCAPTURE_PENDING_CONSENT|2015-04-13|2015-04-13|||||||||||||||||||||||||||||||||||||||||||||||||||||||||||||||||||||||||||||12||1091|100000003D|CL01|INCAPTURE_PENDING_CONSENT|2015-04-13|2015-04-13|||||||||||||||||||||||||||||||||||||||||||||||||||||||||||||||||||||||||||||12||1092|100000004E|CL01|PENDING_POST_ID_AND_SCREENING|2015-04-13|2015-04-13||||||||||||||||||||||||||||||13||||||||||||||||||||||||||||||||||||||DIRECT_DEBIT|DEBIT_ORDER||||||||12||1093|100000005F|CL01|PENDING_POST_ID_AND_SCREENING|2015-04-14|2015-04-14||||||||||||||||||||||||||||||14||||||||||||||||||||||||||||||||||||||DIRECT_DEBIT|DEBIT_ORDER||||||||12||1094|100000006G|CL01|PENDING_ID_CHOICE|2015-04-14|2015-04-14||||||||||||||||||||||||||||||14||||||||||||||||||||||||||||||||||||||DIRECT_DEBIT|DEBIT_ORDER||||||||12||1095|100000007H|CL01|PENDING_VIDEO_ID_AND_SCREENING|2015-04-14|2015-04-14||||||||||||||||||||||||||||||14||||||||||||||||||||||||||||||||||||||DIRECT_DEBIT|DEBIT_ORDER||||||||12||1096|100000008I|CL01|PENDING_POST_ID_AND_SCREENING|2015-04-14|2015-04-14||||||||||||||||||||||||||||||14||||||||||||||||||||||||||||||||||||||DIRECT_DEBIT|DEBIT_ORDER||||||||12||1097|100000009J|CL01|INCAPTURE_PENDING_CONSENT|2015-04-15|2015-04-15||||||||||||||||||||||||||||||15||||||||||||||||||||||||||||||||||||||DIRECT_DEBIT|DEBIT_ORDER||||||||12||1098|100000010K|CL01|INCAPTURE_PENDING_CONSENT|2015-06-01|2015-06-01|||||||||||||||||||||||||||||||||||||||||||||||||||||||||||||||||||||||||||||12||1099|100000011A|CL01|INCAPTURE_PENDING_CONSENT|2015-06-01|2015-06-01|||||||||||||||||||||||||||||||||||||||||||||||||||||||||||||||||||||||||||||12||party_row_id|party_unique_ref|title|initials|firstname|surname|marital_status|gender|maiden_name|id_number|passport_number|postal_line1|postal_line2|postal_suburb|postal_city|postal_code|postal_country|residential_line1|residential_line2|residential_suburb|residential_city|residential_code|residential_country|telephone_home|telephone_work|telephone_cell|telephone_fax|email|skype_account|twitter_account|facebook_account|pinterest_account|date_of_birth|employer|total_monthly_income|bank_name|bank_branch_name|bank_branch_code|bank_account_name|bank_account_number|bank_account_type|bank_account_bic|bank_account_iban|persal_initials|persal_surname|persal_number|persal_organisation_code|persal_paypoint_code|start_date|end_date|nationality_id|country_id|occupation_id|doctor_address_line1|doctor_name|doctor_address_line2|doctor_address_suburb|doctor_address_city|doctor_address_code|occupation_description|citizenship_string_from_magnum|acting_on_own_behalf|place_of_birth|Identified|screeningUniqueId|screeningMatch|screeningLastScreenDate|identifedDate|matchDecision|specialHandling|smoker|occupation_status||4|BOBNEWHART1980071900001|||Bob|Newhart| Ledig|MALE||5741841||||||||13|Plib||Lindenau|01945|276|||01560000000|||||||1980-07-19|||citi|||||||DE85830006898357678964|||||||||276||||||||Bauer|Deutschland||Albainia|IDENTIFIED|456464|NO_MATCH|Apr  1 2015 12:00AM|Apr  1 2015 12:00AM|NONE|||||3|FREDAABBBBAA1981070800001|||Fred|aabbbbaa| Ledig|MALE||156456456||||||||1233|Foglepoop||Lindenau|01945|276|||0156000000000|||||||1981-07-08|||||||||||||||||||||||||||Zahnarzt, o.n.A.|uk|||||||||||||1004|JD1980010100001|||J|D| Ledig|MALE||9087||||||||12|Boo||Lindenau|01945|276|||01560000000|||||||1980-01-01|||||||||||||||||||||||||||Praktischer Arzt||||||||||||||1005|JD1980010100002|||J|D| Ledig|MALE||9870||||||||12|Boo||Lindenau|01945|276|||01560000000|||||||1980-01-01|||||||||||||||||||||||||||Praktischer Arzt||||||||||||||1006|JD1980010100003|||J|D| Ledig|MALE||98||||||||12|Boo||Lindenau|01945|276|||01560000000|||||||1980-01-01|||citi|||||||DE85830006898357678964|||||||||276||||||||Praktischer Arzt|||H|IDENTIFIED|456464|NO_MATCH|Apr 22 2015 12:00AM|Apr 22 2015 12:00AM|NONE|||||1007|JD1980010100004|||J|D| Ledig|MALE||98745||||||||12|Boo||Lindenau|01945|276|||015600000000|||||||1980-01-01|||citi|||||||DE85830006898357678964|||||||||276||||||||Praktischer Arzt|||H|IDENTIFIED|456464|NO_MATCH|Apr 22 2015 12:00AM|Apr 22 2015 12:00AM|NONE|||||1008|JD1980010100005|||J|D| Ledig|MALE||8687||||||||12|Boo||Lindenau|01945|276|||0156000000000|||||||1980-01-01|||citi|||||||DE85830006898357678964|||||||||276||||||||Praktischer Arzt|||H|IDENTIFIED|456464|MATCH|Apr 22 2015 12:00AM|Apr 22 2015 12:00AM|NONE|||||1009|JD1980010100006|||J|D| Ledig|MALE||6464||||||||12|Boo||Lindenau|01945|276|||01560000000|||||||1980-01-01|||citi|||||||DE85830006898357678964|||||||||276||||||||Praktischer Arzt|||H|||||||||||1010|JD1980010100007|||J|D| Ledig|MALE||6458746||||||||12|Boo||Lindenau|01945|276|||015600000000|||||||1980-01-01|||citi|||||||DE85830006898357678964|||||||||276||||||||Arzt, allgemein|||H|IDENTIFIED|456464|NO_MATCH|Apr 22 2015 12:00AM|Apr 22 2015 12:00AM|NONE|||||1011|JD1980010100008|||J|D| Ledig|MALE||87||||||||1297|Boopoo||Lindenau|01945|276|||01560000000|||||||1980-01-01|||citi|||||||DE85830006898357678964|||||||||276||||||||Praktischer Arzt|nnn||H|||||||||||1013|JD1980010100009|||J|D| Ledig|MALE||||||||||1297|Boopoo||Lindenau|01945|276|||015600000000|||||||1980-01-01|||||||||||||||||||||||||||Praktischer Arzt|Deutschland|||||||||||||1012|JDEANE1980010100001|||J|Deane| Ledig|MALE||4864383||||||||1297|Boopoo||Lindenau|01945|276|||015600000000|||||||1980-01-01|||||||||||||||||||||||||||Praktischer Arzt|Deutschland|||||||||||||policy_component_id|product_code|policy_number|policy_component_sequence|product_component_code|risk_type_code|expected_start_date|start_date|end_date|status|status_change_date|count_of_premiums|count_of_arrears|previous_policy_component_id|date_created|effective_date_on_status_change_trigger|beneficiary_type_code|last_usi_id|entry_age||1100|CL01|100000001B|1|TERM_LIFE_01|NONE||2015-04-22|2045-04-22|INFORCE|2015-04-22|0|0||2015-03-31||SPOUSE|3918|||2100|CL01|100000004E|1|TERM_LIFE_01|NONE||2015-04-22|2045-04-22|INFORCE|2015-04-22|0|0||2015-04-13||SPOUSE|4940|||2101|CL01|100000005F|1|TERM_LIFE_01|NONE||2015-04-22|2045-04-22|INFORCE|2015-04-22|0|0||2015-04-14||SPOUSE|4948|||2102|CL01|100000006G|1|TERM_LIFE_01|NONE||2015-04-14||PENDING_ID_CHOICE|2015-04-22|0|0||2015-04-14||SPOUSE|4956|||2103|CL01|100000007H|1|TERM_LIFE_01|NONE||2015-04-14||PENDING_VIDEO_ID_AND_SCREENING|2015-04-14|0|0||2015-04-14||SPOUSE|4963|||2104|CL01|100000008I|1|TERM_LIFE_01|NONE||2015-04-22|2045-04-22|INFORCE|2015-04-22|0|0||2015-04-14||SPOUSE|4971|||2105|CL01|100000009J|1|TERM_LIFE_01|NONE||2015-04-15||INCAPTURE_PENDING_CONSENT|2015-04-15|0|0||2015-04-15||SPOUSE|4980|||policy_option_id|policy_component_id|policy_number|product_component_code|product_code|product_option_code|status|status_change_date|start_date|end_date|expected_start_date|date_created|premium_amount|benefit_amount|retirement_age|quote_id|additional_premium_component|payment_frequency|sum_assured|insured_term|additional_nominal_charge|additional_multiplicative_charge|smoker|occupation_class|requested_start_date||1100|1100|100000001B|TERM_LIFE_01|CL01|NONE|ACTIVE|2015-04-22|2015-04-22|2045-04-22||2015-03-31|7.60|50000.00|||1.32|12|50000.00|30.00|||||2015-03-31||2100|2100|100000004E|TERM_LIFE_01|CL01|NONE|ACTIVE|2015-04-22|2015-04-22|2045-04-22||2015-04-13|4.96|30000.00|||0.79|12|30000.00|30.00|||||2015-04-13||2101|2101|100000005F|TERM_LIFE_01|CL01|NONE|ACTIVE|2015-04-22|2015-04-22|2045-04-22||2015-04-14|4.96|30000.00|||0.79|12|30000.00|30.00|||||2015-04-14||2102|2102|100000006G|TERM_LIFE_01|CL01|NONE|PENDING|2015-04-14|2015-04-14|||2015-04-14|4.96|30000.00|||0.79|12|30000.00|30.00|||||2015-04-14||2103|2103|100000007H|TERM_LIFE_01|CL01|NONE|PENDING|2015-04-14|2015-04-14|||2015-04-14|4.96|30000.00|||0.79|12|30000.00|30.00|||||2015-04-14||2104|2104|100000008I|TERM_LIFE_01|CL01|NONE|ACTIVE|2015-04-22|2015-04-22|2045-04-22||2015-04-14|4.96|30000.00|||0.79|12|30000.00|30.00|||||2015-04-14||2105|2105|100000009J|TERM_LIFE_01|CL01|NONE|PENDING|2015-04-15|2015-04-15|||2015-04-15|4.96|30000.00|||0.79|12|30000.00|30.00|||||2015-04-15|