|Id|MandateNumber|PartyUniqueReference|PayorRelationship|PartyBankAccountId|IBAN|PolicyNumber|PolicyComponentSequence|CollectionType|CollectionSubtype|Status|StartDate|EndDate|SignatureDate|DebtorName||365|189|AnnettMüller19961119001|Policyholder                                      |0|DE39473544398981200114|100000001B|1|SEPA      |FRST      |Active|Oct 31 2016 12:00AM|Oct 31 2051 12:00AM|0001-01-01|Annett Müller||Id|MoneyInTokenNumber|CreatedBy|DueDate|Status|StatusDatetime|Type|Amount|Currency|CollectionRequestId|PolicyNumber|PolicyComponentSequence|PartyUniqueReference|AllocationTokenId|ReversesMoneyInToken|ReplacesMoneyInToken|